
> bulkwamsg@1.0.0 build
> next build

  Γû▓ Next.js 14.2.35
  - Environments: .env.local

   Creating an optimized production build ...
 Γ£ô Compiled successfully
   Linting and checking validity of types ...
node.exe : 
At C:\Program 
Files\nodejs\npm.ps1:29 
char:3
+   & $NODE_EXE $NPM_CLI_JS 
$args
+   
~~~~~~~~~~~~~~~~~~~~~~~~~~~~~
    + CategoryInfo           
   : NotSpecified: (:String  
  ) [], RemoteException
    + FullyQualifiedErrorId  
   : NativeCommandError
 
Failed to compile.

./lib/whatsapp/baileys-client
.ts
92:44  Error: React Hook 
"useMultiFileAuthState" is 
called in function 
"initializeBaileysWhatsApp" 
that is neither a React 
function component nor a 
custom React Hook function. 
React component names must 
start with an uppercase 
letter. React Hook names 
must start with the word 
"use".  
react-hooks/rules-of-hooks

info  - Need to disable some 
ESLint rules? Learn more 
here: https://nextjs.org/docs
/basic-features/eslint#disabl
ing-rules
